[0.451s] Invoking command in '/home/jalanth/Downloads/ROBO/drone_ws/src/drone_autonomy': PYTHONPATH=/home/jalanth/Downloads/ROBO/drone_ws/build/drone_autonomy/prefix_override:/usr/lib/python3/dist-packages/colcon_core/task/python/colcon_distutils_commands:/home/jalanth/Downloads/ROBO/drone_ws/install/drone_autonomy/lib/python3.10/site-packages:${PYTHONPATH} /usr/bin/python3 -W ignore:setup.py install is deprecated -W ignore:easy_install command is deprecated setup.py egg_info --egg-base ../../build/drone_autonomy build --build-base /home/jalanth/Downloads/ROBO/drone_ws/build/drone_autonomy/build install --record /home/jalanth/Downloads/ROBO/drone_ws/build/drone_autonomy/install.log --single-version-externally-managed install_data
[0.639s] running egg_info
[0.650s] writing ../../build/drone_autonomy/drone_autonomy.egg-info/PKG-INFO
[0.650s] writing dependency_links to ../../build/drone_autonomy/drone_autonomy.egg-info/dependency_links.txt
[0.650s] writing entry points to ../../build/drone_autonomy/drone_autonomy.egg-info/entry_points.txt
[0.651s] writing requirements to ../../build/drone_autonomy/drone_autonomy.egg-info/requires.txt
[0.651s] writing top-level names to ../../build/drone_autonomy/drone_autonomy.egg-info/top_level.txt
[0.674s] reading manifest file '../../build/drone_autonomy/drone_autonomy.egg-info/SOURCES.txt'
[0.675s] writing manifest file '../../build/drone_autonomy/drone_autonomy.egg-info/SOURCES.txt'
[0.675s] running build
[0.675s] running build_py
[0.675s] copying drone_autonomy/fake_lidar_node.py -> /home/jalanth/Downloads/ROBO/drone_ws/build/drone_autonomy/build/lib/drone_autonomy
[0.676s] running install
[0.679s] running install_lib
[0.690s] running install_data
[0.691s] copying config/nav2_params.yaml -> /home/jalanth/Downloads/ROBO/drone_ws/install/drone_autonomy/share/drone_autonomy/config
[0.691s] running install_egg_info
[0.703s] removing '/home/jalanth/Downloads/ROBO/drone_ws/install/drone_autonomy/lib/python3.10/site-packages/drone_autonomy-0.0.0-py3.10.egg-info' (and everything under it)
[0.703s] Copying ../../build/drone_autonomy/drone_autonomy.egg-info to /home/jalanth/Downloads/ROBO/drone_ws/install/drone_autonomy/lib/python3.10/site-packages/drone_autonomy-0.0.0-py3.10.egg-info
[0.704s] running install_scripts
[0.728s] Installing fake_lidar_node script to /home/jalanth/Downloads/ROBO/drone_ws/install/drone_autonomy/lib/drone_autonomy
[0.728s] Installing nav2_obstacle_node script to /home/jalanth/Downloads/ROBO/drone_ws/install/drone_autonomy/lib/drone_autonomy
[0.728s] Installing obstacle_nav_node script to /home/jalanth/Downloads/ROBO/drone_ws/install/drone_autonomy/lib/drone_autonomy
[0.728s] Installing takeoff_node script to /home/jalanth/Downloads/ROBO/drone_ws/install/drone_autonomy/lib/drone_autonomy
[0.729s] Installing waypoint_nav_node script to /home/jalanth/Downloads/ROBO/drone_ws/install/drone_autonomy/lib/drone_autonomy
[0.729s] writing list of installed files to '/home/jalanth/Downloads/ROBO/drone_ws/build/drone_autonomy/install.log'
[0.749s] Invoked command in '/home/jalanth/Downloads/ROBO/drone_ws/src/drone_autonomy' returned '0': PYTHONPATH=/home/jalanth/Downloads/ROBO/drone_ws/build/drone_autonomy/prefix_override:/usr/lib/python3/dist-packages/colcon_core/task/python/colcon_distutils_commands:/home/jalanth/Downloads/ROBO/drone_ws/install/drone_autonomy/lib/python3.10/site-packages:${PYTHONPATH} /usr/bin/python3 -W ignore:setup.py install is deprecated -W ignore:easy_install command is deprecated setup.py egg_info --egg-base ../../build/drone_autonomy build --build-base /home/jalanth/Downloads/ROBO/drone_ws/build/drone_autonomy/build install --record /home/jalanth/Downloads/ROBO/drone_ws/build/drone_autonomy/install.log --single-version-externally-managed install_data
