/home/jalanth/Downloads/ROBO/drone_ws/install/drone_autonomy/lib/python3.10/site-packages/drone_autonomy/waypoint_nav_node.py
/home/jalanth/Downloads/ROBO/drone_ws/install/drone_autonomy/lib/python3.10/site-packages/drone_autonomy/nav2_obstacle_node.py
/home/jalanth/Downloads/ROBO/drone_ws/install/drone_autonomy/lib/python3.10/site-packages/drone_autonomy/takeoff_node.py
/home/jalanth/Downloads/ROBO/drone_ws/install/drone_autonomy/lib/python3.10/site-packages/drone_autonomy/__init__.py
/home/jalanth/Downloads/ROBO/drone_ws/install/drone_autonomy/lib/python3.10/site-packages/drone_autonomy/fake_lidar_node.py
/home/jalanth/Downloads/ROBO/drone_ws/install/drone_autonomy/lib/python3.10/site-packages/drone_autonomy/obstacle_nav_node.py
/home/jalanth/Downloads/ROBO/drone_ws/install/drone_autonomy/lib/python3.10/site-packages/drone_autonomy/__pycache__/waypoint_nav_node.cpython-310.pyc
/home/jalanth/Downloads/ROBO/drone_ws/install/drone_autonomy/lib/python3.10/site-packages/drone_autonomy/__pycache__/nav2_obstacle_node.cpython-310.pyc
/home/jalanth/Downloads/ROBO/drone_ws/install/drone_autonomy/lib/python3.10/site-packages/drone_autonomy/__pycache__/takeoff_node.cpython-310.pyc
/home/jalanth/Downloads/ROBO/drone_ws/install/drone_autonomy/lib/python3.10/site-packages/drone_autonomy/__pycache__/__init__.cpython-310.pyc
/home/jalanth/Downloads/ROBO/drone_ws/install/drone_autonomy/lib/python3.10/site-packages/drone_autonomy/__pycache__/fake_lidar_node.cpython-310.pyc
/home/jalanth/Downloads/ROBO/drone_ws/install/drone_autonomy/lib/python3.10/site-packages/drone_autonomy/__pycache__/obstacle_nav_node.cpython-310.pyc
/home/jalanth/Downloads/ROBO/drone_ws/install/drone_autonomy/share/ament_index/resource_index/packages/drone_autonomy
/home/jalanth/Downloads/ROBO/drone_ws/install/drone_autonomy/share/drone_autonomy/package.xml
/home/jalanth/Downloads/ROBO/drone_ws/install/drone_autonomy/share/drone_autonomy/launch/nav2_drone_launch.py
/home/jalanth/Downloads/ROBO/drone_ws/install/drone_autonomy/share/drone_autonomy/config/nav2_params.yaml
/home/jalanth/Downloads/ROBO/drone_ws/install/drone_autonomy/lib/python3.10/site-packages/drone_autonomy-0.0.0-py3.10.egg-info/PKG-INFO
/home/jalanth/Downloads/ROBO/drone_ws/install/drone_autonomy/lib/python3.10/site-packages/drone_autonomy-0.0.0-py3.10.egg-info/top_level.txt
/home/jalanth/Downloads/ROBO/drone_ws/install/drone_autonomy/lib/python3.10/site-packages/drone_autonomy-0.0.0-py3.10.egg-info/SOURCES.txt
/home/jalanth/Downloads/ROBO/drone_ws/install/drone_autonomy/lib/python3.10/site-packages/drone_autonomy-0.0.0-py3.10.egg-info/zip-safe
/home/jalanth/Downloads/ROBO/drone_ws/install/drone_autonomy/lib/python3.10/site-packages/drone_autonomy-0.0.0-py3.10.egg-info/dependency_links.txt
/home/jalanth/Downloads/ROBO/drone_ws/install/drone_autonomy/lib/python3.10/site-packages/drone_autonomy-0.0.0-py3.10.egg-info/requires.txt
/home/jalanth/Downloads/ROBO/drone_ws/install/drone_autonomy/lib/python3.10/site-packages/drone_autonomy-0.0.0-py3.10.egg-info/entry_points.txt
/home/jalanth/Downloads/ROBO/drone_ws/install/drone_autonomy/lib/drone_autonomy/fake_lidar_node
/home/jalanth/Downloads/ROBO/drone_ws/install/drone_autonomy/lib/drone_autonomy/nav2_obstacle_node
/home/jalanth/Downloads/ROBO/drone_ws/install/drone_autonomy/lib/drone_autonomy/obstacle_nav_node
/home/jalanth/Downloads/ROBO/drone_ws/install/drone_autonomy/lib/drone_autonomy/takeoff_node
/home/jalanth/Downloads/ROBO/drone_ws/install/drone_autonomy/lib/drone_autonomy/waypoint_nav_node
