running egg_info
writing ../../build/drone_autonomy/drone_autonomy.egg-info/PKG-INFO
writing dependency_links to ../../build/drone_autonomy/drone_autonomy.egg-info/dependency_links.txt
writing entry points to ../../build/drone_autonomy/drone_autonomy.egg-info/entry_points.txt
writing requirements to ../../build/drone_autonomy/drone_autonomy.egg-info/requires.txt
writing top-level names to ../../build/drone_autonomy/drone_autonomy.egg-info/top_level.txt
reading manifest file '../../build/drone_autonomy/drone_autonomy.egg-info/SOURCES.txt'
writing manifest file '../../build/drone_autonomy/drone_autonomy.egg-info/SOURCES.txt'
running build
running build_py
running install
running install_lib
running install_data
copying config/nav2_params.yaml -> /home/jalanth/Downloads/ROBO/drone_ws/install/drone_autonomy/share/drone_autonomy/config
running install_egg_info
removing '/home/jalanth/Downloads/ROBO/drone_ws/install/drone_autonomy/lib/python3.10/site-packages/drone_autonomy-0.0.0-py3.10.egg-info' (and everything under it)
Copying ../../build/drone_autonomy/drone_autonomy.egg-info to /home/jalanth/Downloads/ROBO/drone_ws/install/drone_autonomy/lib/python3.10/site-packages/drone_autonomy-0.0.0-py3.10.egg-info
running install_scripts
Installing fake_lidar_node script to /home/jalanth/Downloads/ROBO/drone_ws/install/drone_autonomy/lib/drone_autonomy
Installing nav2_obstacle_node script to /home/jalanth/Downloads/ROBO/drone_ws/install/drone_autonomy/lib/drone_autonomy
Installing obstacle_nav_node script to /home/jalanth/Downloads/ROBO/drone_ws/install/drone_autonomy/lib/drone_autonomy
Installing takeoff_node script to /home/jalanth/Downloads/ROBO/drone_ws/install/drone_autonomy/lib/drone_autonomy
Installing waypoint_nav_node script to /home/jalanth/Downloads/ROBO/drone_ws/install/drone_autonomy/lib/drone_autonomy
writing list of installed files to '/home/jalanth/Downloads/ROBO/drone_ws/build/drone_autonomy/install.log'
