[0.451s] Invoking command in '/home/jalanth/Downloads/ROBO/drone_ws/src/drone_autonomy': PYTHONPATH=/home/jalanth/Downloads/ROBO/drone_ws/build/drone_autonomy/prefix_override:/usr/lib/python3/dist-packages/colcon_core/task/python/colcon_distutils_commands:/home/jalanth/Downloads/ROBO/drone_ws/install/drone_autonomy/lib/python3.10/site-packages:${PYTHONPATH} /usr/bin/python3 -W ignore:setup.py install is deprecated -W ignore:easy_install command is deprecated setup.py egg_info --egg-base ../../build/drone_autonomy build --build-base /home/jalanth/Downloads/ROBO/drone_ws/build/drone_autonomy/build install --record /home/jalanth/Downloads/ROBO/drone_ws/build/drone_autonomy/install.log --single-version-externally-managed install_data
[0.634s] running egg_info
[0.644s] writing ../../build/drone_autonomy/drone_autonomy.egg-info/PKG-INFO
[0.645s] writing dependency_links to ../../build/drone_autonomy/drone_autonomy.egg-info/dependency_links.txt
[0.645s] writing entry points to ../../build/drone_autonomy/drone_autonomy.egg-info/entry_points.txt
[0.645s] writing requirements to ../../build/drone_autonomy/drone_autonomy.egg-info/requires.txt
[0.645s] writing top-level names to ../../build/drone_autonomy/drone_autonomy.egg-info/top_level.txt
[0.680s] reading manifest file '../../build/drone_autonomy/drone_autonomy.egg-info/SOURCES.txt'
[0.681s] writing manifest file '../../build/drone_autonomy/drone_autonomy.egg-info/SOURCES.txt'
[0.681s] running build
[0.681s] running build_py
[0.681s] running install
[0.684s] running install_lib
[0.696s] running install_data
[0.696s] copying config/nav2_params.yaml -> /home/jalanth/Downloads/ROBO/drone_ws/install/drone_autonomy/share/drone_autonomy/config
[0.696s] running install_egg_info
[0.715s] removing '/home/jalanth/Downloads/ROBO/drone_ws/install/drone_autonomy/lib/python3.10/site-packages/drone_autonomy-0.0.0-py3.10.egg-info' (and everything under it)
[0.716s] Copying ../../build/drone_autonomy/drone_autonomy.egg-info to /home/jalanth/Downloads/ROBO/drone_ws/install/drone_autonomy/lib/python3.10/site-packages/drone_autonomy-0.0.0-py3.10.egg-info
[0.716s] running install_scripts
[0.740s] Installing fake_lidar_node script to /home/jalanth/Downloads/ROBO/drone_ws/install/drone_autonomy/lib/drone_autonomy
[0.740s] Installing nav2_obstacle_node script to /home/jalanth/Downloads/ROBO/drone_ws/install/drone_autonomy/lib/drone_autonomy
[0.740s] Installing obstacle_nav_node script to /home/jalanth/Downloads/ROBO/drone_ws/install/drone_autonomy/lib/drone_autonomy
[0.741s] Installing takeoff_node script to /home/jalanth/Downloads/ROBO/drone_ws/install/drone_autonomy/lib/drone_autonomy
[0.741s] Installing waypoint_nav_node script to /home/jalanth/Downloads/ROBO/drone_ws/install/drone_autonomy/lib/drone_autonomy
[0.741s] writing list of installed files to '/home/jalanth/Downloads/ROBO/drone_ws/build/drone_autonomy/install.log'
[0.757s] Invoked command in '/home/jalanth/Downloads/ROBO/drone_ws/src/drone_autonomy' returned '0': PYTHONPATH=/home/jalanth/Downloads/ROBO/drone_ws/build/drone_autonomy/prefix_override:/usr/lib/python3/dist-packages/colcon_core/task/python/colcon_distutils_commands:/home/jalanth/Downloads/ROBO/drone_ws/install/drone_autonomy/lib/python3.10/site-packages:${PYTHONPATH} /usr/bin/python3 -W ignore:setup.py install is deprecated -W ignore:easy_install command is deprecated setup.py egg_info --egg-base ../../build/drone_autonomy build --build-base /home/jalanth/Downloads/ROBO/drone_ws/build/drone_autonomy/build install --record /home/jalanth/Downloads/ROBO/drone_ws/build/drone_autonomy/install.log --single-version-externally-managed install_data
