[0.468s] Invoking command in '/home/jalanth/Downloads/ROBO/drone_ws/src/drone_autonomy': PYTHONPATH=/home/jalanth/Downloads/ROBO/drone_ws/build/drone_autonomy/prefix_override:/usr/lib/python3/dist-packages/colcon_core/task/python/colcon_distutils_commands:/home/jalanth/Downloads/ROBO/drone_ws/install/drone_autonomy/lib/python3.10/site-packages:${PYTHONPATH} /usr/bin/python3 -W ignore:setup.py install is deprecated -W ignore:easy_install command is deprecated setup.py egg_info --egg-base ../../build/drone_autonomy build --build-base /home/jalanth/Downloads/ROBO/drone_ws/build/drone_autonomy/build install --record /home/jalanth/Downloads/ROBO/drone_ws/build/drone_autonomy/install.log --single-version-externally-managed install_data
[0.648s] running egg_info
[0.659s] writing ../../build/drone_autonomy/drone_autonomy.egg-info/PKG-INFO
[0.660s] writing dependency_links to ../../build/drone_autonomy/drone_autonomy.egg-info/dependency_links.txt
[0.660s] writing entry points to ../../build/drone_autonomy/drone_autonomy.egg-info/entry_points.txt
[0.660s] writing requirements to ../../build/drone_autonomy/drone_autonomy.egg-info/requires.txt
[0.660s] writing top-level names to ../../build/drone_autonomy/drone_autonomy.egg-info/top_level.txt
[0.683s] reading manifest file '../../build/drone_autonomy/drone_autonomy.egg-info/SOURCES.txt'
[0.684s] writing manifest file '../../build/drone_autonomy/drone_autonomy.egg-info/SOURCES.txt'
[0.684s] running build
[0.684s] running build_py
[0.684s] copying drone_autonomy/fake_lidar_node.py -> /home/jalanth/Downloads/ROBO/drone_ws/build/drone_autonomy/build/lib/drone_autonomy
[0.684s] running install
[0.687s] running install_lib
[0.698s] copying /home/jalanth/Downloads/ROBO/drone_ws/build/drone_autonomy/build/lib/drone_autonomy/fake_lidar_node.py -> /home/jalanth/Downloads/ROBO/drone_ws/install/drone_autonomy/lib/python3.10/site-packages/drone_autonomy
[0.699s] byte-compiling /home/jalanth/Downloads/ROBO/drone_ws/install/drone_autonomy/lib/python3.10/site-packages/drone_autonomy/fake_lidar_node.py to fake_lidar_node.cpython-310.pyc
[0.699s] running install_data
[0.700s] running install_egg_info
[0.712s] removing '/home/jalanth/Downloads/ROBO/drone_ws/install/drone_autonomy/lib/python3.10/site-packages/drone_autonomy-0.0.0-py3.10.egg-info' (and everything under it)
[0.712s] Copying ../../build/drone_autonomy/drone_autonomy.egg-info to /home/jalanth/Downloads/ROBO/drone_ws/install/drone_autonomy/lib/python3.10/site-packages/drone_autonomy-0.0.0-py3.10.egg-info
[0.712s] running install_scripts
[0.736s] Installing fake_lidar_node script to /home/jalanth/Downloads/ROBO/drone_ws/install/drone_autonomy/lib/drone_autonomy
[0.736s] Installing nav2_obstacle_node script to /home/jalanth/Downloads/ROBO/drone_ws/install/drone_autonomy/lib/drone_autonomy
[0.736s] Installing obstacle_nav_node script to /home/jalanth/Downloads/ROBO/drone_ws/install/drone_autonomy/lib/drone_autonomy
[0.736s] Installing takeoff_node script to /home/jalanth/Downloads/ROBO/drone_ws/install/drone_autonomy/lib/drone_autonomy
[0.736s] Installing waypoint_nav_node script to /home/jalanth/Downloads/ROBO/drone_ws/install/drone_autonomy/lib/drone_autonomy
[0.736s] writing list of installed files to '/home/jalanth/Downloads/ROBO/drone_ws/build/drone_autonomy/install.log'
[0.756s] Invoked command in '/home/jalanth/Downloads/ROBO/drone_ws/src/drone_autonomy' returned '0': PYTHONPATH=/home/jalanth/Downloads/ROBO/drone_ws/build/drone_autonomy/prefix_override:/usr/lib/python3/dist-packages/colcon_core/task/python/colcon_distutils_commands:/home/jalanth/Downloads/ROBO/drone_ws/install/drone_autonomy/lib/python3.10/site-packages:${PYTHONPATH} /usr/bin/python3 -W ignore:setup.py install is deprecated -W ignore:easy_install command is deprecated setup.py egg_info --egg-base ../../build/drone_autonomy build --build-base /home/jalanth/Downloads/ROBO/drone_ws/build/drone_autonomy/build install --record /home/jalanth/Downloads/ROBO/drone_ws/build/drone_autonomy/install.log --single-version-externally-managed install_data
