running egg_info
creating ../../build/drone_autonomy/drone_autonomy.egg-info
writing ../../build/drone_autonomy/drone_autonomy.egg-info/PKG-INFO
writing dependency_links to ../../build/drone_autonomy/drone_autonomy.egg-info/dependency_links.txt
writing entry points to ../../build/drone_autonomy/drone_autonomy.egg-info/entry_points.txt
writing requirements to ../../build/drone_autonomy/drone_autonomy.egg-info/requires.txt
writing top-level names to ../../build/drone_autonomy/drone_autonomy.egg-info/top_level.txt
writing manifest file '../../build/drone_autonomy/drone_autonomy.egg-info/SOURCES.txt'
reading manifest file '../../build/drone_autonomy/drone_autonomy.egg-info/SOURCES.txt'
writing manifest file '../../build/drone_autonomy/drone_autonomy.egg-info/SOURCES.txt'
running build
running build_py
creating /home/jalanth/Downloads/ROBO/drone_ws/build/drone_autonomy/build/lib/drone_autonomy
copying drone_autonomy/waypoint_nav_node.py -> /home/jalanth/Downloads/ROBO/drone_ws/build/drone_autonomy/build/lib/drone_autonomy
copying drone_autonomy/nav2_obstacle_node.py -> /home/jalanth/Downloads/ROBO/drone_ws/build/drone_autonomy/build/lib/drone_autonomy
copying drone_autonomy/takeoff_node.py -> /home/jalanth/Downloads/ROBO/drone_ws/build/drone_autonomy/build/lib/drone_autonomy
copying drone_autonomy/__init__.py -> /home/jalanth/Downloads/ROBO/drone_ws/build/drone_autonomy/build/lib/drone_autonomy
copying drone_autonomy/fake_lidar_node.py -> /home/jalanth/Downloads/ROBO/drone_ws/build/drone_autonomy/build/lib/drone_autonomy
copying drone_autonomy/obstacle_nav_node.py -> /home/jalanth/Downloads/ROBO/drone_ws/build/drone_autonomy/build/lib/drone_autonomy
running install
running install_lib
creating /home/jalanth/Downloads/ROBO/drone_ws/install/drone_autonomy/lib/python3.10/site-packages/drone_autonomy
copying /home/jalanth/Downloads/ROBO/drone_ws/build/drone_autonomy/build/lib/drone_autonomy/waypoint_nav_node.py -> /home/jalanth/Downloads/ROBO/drone_ws/install/drone_autonomy/lib/python3.10/site-packages/drone_autonomy
copying /home/jalanth/Downloads/ROBO/drone_ws/build/drone_autonomy/build/lib/drone_autonomy/nav2_obstacle_node.py -> /home/jalanth/Downloads/ROBO/drone_ws/install/drone_autonomy/lib/python3.10/site-packages/drone_autonomy
copying /home/jalanth/Downloads/ROBO/drone_ws/build/drone_autonomy/build/lib/drone_autonomy/takeoff_node.py -> /home/jalanth/Downloads/ROBO/drone_ws/install/drone_autonomy/lib/python3.10/site-packages/drone_autonomy
copying /home/jalanth/Downloads/ROBO/drone_ws/build/drone_autonomy/build/lib/drone_autonomy/__init__.py -> /home/jalanth/Downloads/ROBO/drone_ws/install/drone_autonomy/lib/python3.10/site-packages/drone_autonomy
copying /home/jalanth/Downloads/ROBO/drone_ws/build/drone_autonomy/build/lib/drone_autonomy/fake_lidar_node.py -> /home/jalanth/Downloads/ROBO/drone_ws/install/drone_autonomy/lib/python3.10/site-packages/drone_autonomy
copying /home/jalanth/Downloads/ROBO/drone_ws/build/drone_autonomy/build/lib/drone_autonomy/obstacle_nav_node.py -> /home/jalanth/Downloads/ROBO/drone_ws/install/drone_autonomy/lib/python3.10/site-packages/drone_autonomy
byte-compiling /home/jalanth/Downloads/ROBO/drone_ws/install/drone_autonomy/lib/python3.10/site-packages/drone_autonomy/waypoint_nav_node.py to waypoint_nav_node.cpython-310.pyc
byte-compiling /home/jalanth/Downloads/ROBO/drone_ws/install/drone_autonomy/lib/python3.10/site-packages/drone_autonomy/nav2_obstacle_node.py to nav2_obstacle_node.cpython-310.pyc
byte-compiling /home/jalanth/Downloads/ROBO/drone_ws/install/drone_autonomy/lib/python3.10/site-packages/drone_autonomy/takeoff_node.py to takeoff_node.cpython-310.pyc
byte-compiling /home/jalanth/Downloads/ROBO/drone_ws/install/drone_autonomy/lib/python3.10/site-packages/drone_autonomy/__init__.py to __init__.cpython-310.pyc
byte-compiling /home/jalanth/Downloads/ROBO/drone_ws/install/drone_autonomy/lib/python3.10/site-packages/drone_autonomy/fake_lidar_node.py to fake_lidar_node.cpython-310.pyc
byte-compiling /home/jalanth/Downloads/ROBO/drone_ws/install/drone_autonomy/lib/python3.10/site-packages/drone_autonomy/obstacle_nav_node.py to obstacle_nav_node.cpython-310.pyc
running install_data
creating /home/jalanth/Downloads/ROBO/drone_ws/install/drone_autonomy/share/ament_index/resource_index/packages
copying resource/drone_autonomy -> /home/jalanth/Downloads/ROBO/drone_ws/install/drone_autonomy/share/ament_index/resource_index/packages
copying package.xml -> /home/jalanth/Downloads/ROBO/drone_ws/install/drone_autonomy/share/drone_autonomy
creating /home/jalanth/Downloads/ROBO/drone_ws/install/drone_autonomy/share/drone_autonomy/launch
copying launch/nav2_drone_launch.py -> /home/jalanth/Downloads/ROBO/drone_ws/install/drone_autonomy/share/drone_autonomy/launch
creating /home/jalanth/Downloads/ROBO/drone_ws/install/drone_autonomy/share/drone_autonomy/config
copying config/nav2_params.yaml -> /home/jalanth/Downloads/ROBO/drone_ws/install/drone_autonomy/share/drone_autonomy/config
running install_egg_info
Copying ../../build/drone_autonomy/drone_autonomy.egg-info to /home/jalanth/Downloads/ROBO/drone_ws/install/drone_autonomy/lib/python3.10/site-packages/drone_autonomy-0.0.0-py3.10.egg-info
running install_scripts
Installing fake_lidar_node script to /home/jalanth/Downloads/ROBO/drone_ws/install/drone_autonomy/lib/drone_autonomy
Installing nav2_obstacle_node script to /home/jalanth/Downloads/ROBO/drone_ws/install/drone_autonomy/lib/drone_autonomy
Installing obstacle_nav_node script to /home/jalanth/Downloads/ROBO/drone_ws/install/drone_autonomy/lib/drone_autonomy
Installing takeoff_node script to /home/jalanth/Downloads/ROBO/drone_ws/install/drone_autonomy/lib/drone_autonomy
Installing waypoint_nav_node script to /home/jalanth/Downloads/ROBO/drone_ws/install/drone_autonomy/lib/drone_autonomy
writing list of installed files to '/home/jalanth/Downloads/ROBO/drone_ws/build/drone_autonomy/install.log'
