[0.563s] Invoking command in '/home/jalanth/Downloads/ROBO/drone_ws/src/drone_autonomy': PYTHONPATH=/home/jalanth/Downloads/ROBO/drone_ws/build/drone_autonomy/prefix_override:/usr/lib/python3/dist-packages/colcon_core/task/python/colcon_distutils_commands:/home/jalanth/Downloads/ROBO/drone_ws/install/drone_autonomy/lib/python3.10/site-packages:${PYTHONPATH} /usr/bin/python3 -W ignore:setup.py install is deprecated -W ignore:easy_install command is deprecated setup.py egg_info --egg-base ../../build/drone_autonomy build --build-base /home/jalanth/Downloads/ROBO/drone_ws/build/drone_autonomy/build install --record /home/jalanth/Downloads/ROBO/drone_ws/build/drone_autonomy/install.log --single-version-externally-managed install_data
[0.857s] running egg_info
[0.888s] creating ../../build/drone_autonomy/drone_autonomy.egg-info
[0.888s] writing ../../build/drone_autonomy/drone_autonomy.egg-info/PKG-INFO
[0.889s] writing dependency_links to ../../build/drone_autonomy/drone_autonomy.egg-info/dependency_links.txt
[0.889s] writing entry points to ../../build/drone_autonomy/drone_autonomy.egg-info/entry_points.txt
[0.889s] writing requirements to ../../build/drone_autonomy/drone_autonomy.egg-info/requires.txt
[0.889s] writing top-level names to ../../build/drone_autonomy/drone_autonomy.egg-info/top_level.txt
[0.890s] writing manifest file '../../build/drone_autonomy/drone_autonomy.egg-info/SOURCES.txt'
[0.957s] reading manifest file '../../build/drone_autonomy/drone_autonomy.egg-info/SOURCES.txt'
[0.958s] writing manifest file '../../build/drone_autonomy/drone_autonomy.egg-info/SOURCES.txt'
[0.959s] running build
[0.959s] running build_py
[0.959s] creating /home/jalanth/Downloads/ROBO/drone_ws/build/drone_autonomy/build/lib/drone_autonomy
[0.959s] copying drone_autonomy/waypoint_nav_node.py -> /home/jalanth/Downloads/ROBO/drone_ws/build/drone_autonomy/build/lib/drone_autonomy
[0.960s] copying drone_autonomy/nav2_obstacle_node.py -> /home/jalanth/Downloads/ROBO/drone_ws/build/drone_autonomy/build/lib/drone_autonomy
[0.961s] copying drone_autonomy/takeoff_node.py -> /home/jalanth/Downloads/ROBO/drone_ws/build/drone_autonomy/build/lib/drone_autonomy
[0.961s] copying drone_autonomy/__init__.py -> /home/jalanth/Downloads/ROBO/drone_ws/build/drone_autonomy/build/lib/drone_autonomy
[0.961s] copying drone_autonomy/fake_lidar_node.py -> /home/jalanth/Downloads/ROBO/drone_ws/build/drone_autonomy/build/lib/drone_autonomy
[0.961s] copying drone_autonomy/obstacle_nav_node.py -> /home/jalanth/Downloads/ROBO/drone_ws/build/drone_autonomy/build/lib/drone_autonomy
[0.962s] running install
[0.969s] running install_lib
[1.002s] creating /home/jalanth/Downloads/ROBO/drone_ws/install/drone_autonomy/lib/python3.10/site-packages/drone_autonomy
[1.002s] copying /home/jalanth/Downloads/ROBO/drone_ws/build/drone_autonomy/build/lib/drone_autonomy/waypoint_nav_node.py -> /home/jalanth/Downloads/ROBO/drone_ws/install/drone_autonomy/lib/python3.10/site-packages/drone_autonomy
[1.002s] copying /home/jalanth/Downloads/ROBO/drone_ws/build/drone_autonomy/build/lib/drone_autonomy/nav2_obstacle_node.py -> /home/jalanth/Downloads/ROBO/drone_ws/install/drone_autonomy/lib/python3.10/site-packages/drone_autonomy
[1.002s] copying /home/jalanth/Downloads/ROBO/drone_ws/build/drone_autonomy/build/lib/drone_autonomy/takeoff_node.py -> /home/jalanth/Downloads/ROBO/drone_ws/install/drone_autonomy/lib/python3.10/site-packages/drone_autonomy
[1.002s] copying /home/jalanth/Downloads/ROBO/drone_ws/build/drone_autonomy/build/lib/drone_autonomy/__init__.py -> /home/jalanth/Downloads/ROBO/drone_ws/install/drone_autonomy/lib/python3.10/site-packages/drone_autonomy
[1.003s] copying /home/jalanth/Downloads/ROBO/drone_ws/build/drone_autonomy/build/lib/drone_autonomy/fake_lidar_node.py -> /home/jalanth/Downloads/ROBO/drone_ws/install/drone_autonomy/lib/python3.10/site-packages/drone_autonomy
[1.003s] copying /home/jalanth/Downloads/ROBO/drone_ws/build/drone_autonomy/build/lib/drone_autonomy/obstacle_nav_node.py -> /home/jalanth/Downloads/ROBO/drone_ws/install/drone_autonomy/lib/python3.10/site-packages/drone_autonomy
[1.003s] byte-compiling /home/jalanth/Downloads/ROBO/drone_ws/install/drone_autonomy/lib/python3.10/site-packages/drone_autonomy/waypoint_nav_node.py to waypoint_nav_node.cpython-310.pyc
[1.005s] byte-compiling /home/jalanth/Downloads/ROBO/drone_ws/install/drone_autonomy/lib/python3.10/site-packages/drone_autonomy/nav2_obstacle_node.py to nav2_obstacle_node.cpython-310.pyc
[1.006s] byte-compiling /home/jalanth/Downloads/ROBO/drone_ws/install/drone_autonomy/lib/python3.10/site-packages/drone_autonomy/takeoff_node.py to takeoff_node.cpython-310.pyc
[1.007s] byte-compiling /home/jalanth/Downloads/ROBO/drone_ws/install/drone_autonomy/lib/python3.10/site-packages/drone_autonomy/__init__.py to __init__.cpython-310.pyc
[1.007s] byte-compiling /home/jalanth/Downloads/ROBO/drone_ws/install/drone_autonomy/lib/python3.10/site-packages/drone_autonomy/fake_lidar_node.py to fake_lidar_node.cpython-310.pyc
[1.008s] byte-compiling /home/jalanth/Downloads/ROBO/drone_ws/install/drone_autonomy/lib/python3.10/site-packages/drone_autonomy/obstacle_nav_node.py to obstacle_nav_node.cpython-310.pyc
[1.010s] running install_data
[1.010s] creating /home/jalanth/Downloads/ROBO/drone_ws/install/drone_autonomy/share/ament_index/resource_index/packages
[1.010s] copying resource/drone_autonomy -> /home/jalanth/Downloads/ROBO/drone_ws/install/drone_autonomy/share/ament_index/resource_index/packages
[1.010s] copying package.xml -> /home/jalanth/Downloads/ROBO/drone_ws/install/drone_autonomy/share/drone_autonomy
[1.010s] creating /home/jalanth/Downloads/ROBO/drone_ws/install/drone_autonomy/share/drone_autonomy/launch
[1.010s] copying launch/nav2_drone_launch.py -> /home/jalanth/Downloads/ROBO/drone_ws/install/drone_autonomy/share/drone_autonomy/launch
[1.010s] creating /home/jalanth/Downloads/ROBO/drone_ws/install/drone_autonomy/share/drone_autonomy/config
[1.010s] copying config/nav2_params.yaml -> /home/jalanth/Downloads/ROBO/drone_ws/install/drone_autonomy/share/drone_autonomy/config
[1.010s] running install_egg_info
[1.031s] Copying ../../build/drone_autonomy/drone_autonomy.egg-info to /home/jalanth/Downloads/ROBO/drone_ws/install/drone_autonomy/lib/python3.10/site-packages/drone_autonomy-0.0.0-py3.10.egg-info
[1.032s] running install_scripts
[1.056s] Installing fake_lidar_node script to /home/jalanth/Downloads/ROBO/drone_ws/install/drone_autonomy/lib/drone_autonomy
[1.056s] Installing nav2_obstacle_node script to /home/jalanth/Downloads/ROBO/drone_ws/install/drone_autonomy/lib/drone_autonomy
[1.056s] Installing obstacle_nav_node script to /home/jalanth/Downloads/ROBO/drone_ws/install/drone_autonomy/lib/drone_autonomy
[1.056s] Installing takeoff_node script to /home/jalanth/Downloads/ROBO/drone_ws/install/drone_autonomy/lib/drone_autonomy
[1.056s] Installing waypoint_nav_node script to /home/jalanth/Downloads/ROBO/drone_ws/install/drone_autonomy/lib/drone_autonomy
[1.056s] writing list of installed files to '/home/jalanth/Downloads/ROBO/drone_ws/build/drone_autonomy/install.log'
[1.072s] Invoked command in '/home/jalanth/Downloads/ROBO/drone_ws/src/drone_autonomy' returned '0': PYTHONPATH=/home/jalanth/Downloads/ROBO/drone_ws/build/drone_autonomy/prefix_override:/usr/lib/python3/dist-packages/colcon_core/task/python/colcon_distutils_commands:/home/jalanth/Downloads/ROBO/drone_ws/install/drone_autonomy/lib/python3.10/site-packages:${PYTHONPATH} /usr/bin/python3 -W ignore:setup.py install is deprecated -W ignore:easy_install command is deprecated setup.py egg_info --egg-base ../../build/drone_autonomy build --build-base /home/jalanth/Downloads/ROBO/drone_ws/build/drone_autonomy/build install --record /home/jalanth/Downloads/ROBO/drone_ws/build/drone_autonomy/install.log --single-version-externally-managed install_data
